Archive member included because of file (symbol)

d:/program files/atmel/atmel studio 6.0/extensions/atmel/avrgcc/3.4.0.65/avrtoolchain/bin/../lib/gcc/avr/4.6.2/avr51\libgcc.a(_udivmodqi4.o)
                              Main.o (__udivmodqi4)
d:/program files/atmel/atmel studio 6.0/extensions/atmel/avrgcc/3.4.0.65/avrtoolchain/bin/../lib/gcc/avr/4.6.2/avr51\libgcc.a(_divmodhi4.o)
                              lcd.o (__divmodhi4)
d:/program files/atmel/atmel studio 6.0/extensions/atmel/avrgcc/3.4.0.65/avrtoolchain/bin/../lib/gcc/avr/4.6.2/avr51\libgcc.a(_exit.o)
                              d:/program files/atmel/atmel studio 6.0/extensions/atmel/avrgcc/3.4.0.65/avrtoolchain/bin/../lib/gcc/avr/4.6.2/../../../../avr/lib/avr51/crtm128a.o (exit)
d:/program files/atmel/atmel studio 6.0/extensions/atmel/avrgcc/3.4.0.65/avrtoolchain/bin/../lib/gcc/avr/4.6.2/avr51\libgcc.a(_copy_data.o)
                              keypad.o (__do_copy_data)
d:/program files/atmel/atmel studio 6.0/extensions/atmel/avrgcc/3.4.0.65/avrtoolchain/bin/../lib/gcc/avr/4.6.2/avr51\libgcc.a(_clear_bss.o)
                              keypad.o (__do_clear_bss)
d:/program files/atmel/atmel studio 6.0/extensions/atmel/avrgcc/3.4.0.65/avrtoolchain/bin/../lib/gcc/avr/4.6.2/avr51\libgcc.a(_udivmodhi4.o)
                              d:/program files/atmel/atmel studio 6.0/extensions/atmel/avrgcc/3.4.0.65/avrtoolchain/bin/../lib/gcc/avr/4.6.2/avr51\libgcc.a(_divmodhi4.o) (__udivmodhi4)
d:/program files/atmel/atmel studio 6.0/extensions/atmel/avrgcc/3.4.0.65/avrtoolchain/bin/../lib/gcc/avr/4.6.2/../../../../avr/lib/avr51\libc.a(malloc.o)
                              Main.o (malloc)
d:/program files/atmel/atmel studio 6.0/extensions/atmel/avrgcc/3.4.0.65/avrtoolchain/bin/../lib/gcc/avr/4.6.2/../../../../avr/lib/avr51\libc.a(sprintf.o)
                              rf.o (sprintf)
d:/program files/atmel/atmel studio 6.0/extensions/atmel/avrgcc/3.4.0.65/avrtoolchain/bin/../lib/gcc/avr/4.6.2/../../../../avr/lib/avr51\libc.a(vfprintf_std.o)
                              d:/program files/atmel/atmel studio 6.0/extensions/atmel/avrgcc/3.4.0.65/avrtoolchain/bin/../lib/gcc/avr/4.6.2/../../../../avr/lib/avr51\libc.a(sprintf.o) (vfprintf)
d:/program files/atmel/atmel studio 6.0/extensions/atmel/avrgcc/3.4.0.65/avrtoolchain/bin/../lib/gcc/avr/4.6.2/../../../../avr/lib/avr51\libc.a(strnlen_P.o)
                              d:/program files/atmel/atmel studio 6.0/extensions/atmel/avrgcc/3.4.0.65/avrtoolchain/bin/../lib/gcc/avr/4.6.2/../../../../avr/lib/avr51\libc.a(vfprintf_std.o) (strnlen_P)
d:/program files/atmel/atmel studio 6.0/extensions/atmel/avrgcc/3.4.0.65/avrtoolchain/bin/../lib/gcc/avr/4.6.2/../../../../avr/lib/avr51\libc.a(strnlen.o)
                              d:/program files/atmel/atmel studio 6.0/extensions/atmel/avrgcc/3.4.0.65/avrtoolchain/bin/../lib/gcc/avr/4.6.2/../../../../avr/lib/avr51\libc.a(vfprintf_std.o) (strnlen)
d:/program files/atmel/atmel studio 6.0/extensions/atmel/avrgcc/3.4.0.65/avrtoolchain/bin/../lib/gcc/avr/4.6.2/../../../../avr/lib/avr51\libc.a(fputc.o)
                              d:/program files/atmel/atmel studio 6.0/extensions/atmel/avrgcc/3.4.0.65/avrtoolchain/bin/../lib/gcc/avr/4.6.2/../../../../avr/lib/avr51\libc.a(vfprintf_std.o) (fputc)
d:/program files/atmel/atmel studio 6.0/extensions/atmel/avrgcc/3.4.0.65/avrtoolchain/bin/../lib/gcc/avr/4.6.2/../../../../avr/lib/avr51\libc.a(ultoa_invert.o)
                              d:/program files/atmel/atmel studio 6.0/extensions/atmel/avrgcc/3.4.0.65/avrtoolchain/bin/../lib/gcc/avr/4.6.2/../../../../avr/lib/avr51\libc.a(vfprintf_std.o) (__ultoa_invert)

Allocating common symbols
Common symbol       size              file

rc                  0x20              UART.o
bufferin            0x9               Main.o
u_Data              0x2               UART.o
l                   0x2               Main.o
__brkval            0x2               d:/program files/atmel/atmel studio 6.0/extensions/atmel/avrgcc/3.4.0.65/avrtoolchain/bin/../lib/gcc/avr/4.6.2/../../../../avr/lib/avr51\libc.a(malloc.o)
bufferout           0x9               Main.o
tmrEvent            0x46              TimerEvent.o
__flp               0x2               d:/program files/atmel/atmel studio 6.0/extensions/atmel/avrgcc/3.4.0.65/avrtoolchain/bin/../lib/gcc/avr/4.6.2/../../../../avr/lib/avr51\libc.a(malloc.o)

Memory Configuration

Name             Origin             Length             Attributes
text             0x00000000         0x00020000         xr
data             0x00800100         0x0000ff00         rw !x
eeprom           0x00810000         0x00010000         rw !x
fuse             0x00820000         0x00000400         rw !x
lock             0x00830000         0x00000400         rw !x
signature        0x00840000         0x00000400         rw !x
*default*        0x00000000         0xffffffff

Linker script and memory map

Address of section .data set to 0x800100
LOAD d:/program files/atmel/atmel studio 6.0/extensions/atmel/avrgcc/3.4.0.65/avrtoolchain/bin/../lib/gcc/avr/4.6.2/../../../../avr/lib/avr51/crtm128a.o
LOAD keypad.o
LOAD lcd.o
LOAD Main.o
LOAD rf.o
LOAD SMC.o
LOAD spi.o
LOAD TimerEvent.o
LOAD UART.o
START GROUP
LOAD d:/program files/atmel/atmel studio 6.0/extensions/atmel/avrgcc/3.4.0.65/avrtoolchain/bin/../lib/gcc/avr/4.6.2/../../../../avr/lib/avr51\libm.a
END GROUP
LOAD d:/program files/atmel/atmel studio 6.0/extensions/atmel/avrgcc/3.4.0.65/avrtoolchain/bin/../lib/gcc/avr/4.6.2/avr51\libgcc.a
LOAD d:/program files/atmel/atmel studio 6.0/extensions/atmel/avrgcc/3.4.0.65/avrtoolchain/bin/../lib/gcc/avr/4.6.2/../../../../avr/lib/avr51\libc.a
LOAD d:/program files/atmel/atmel studio 6.0/extensions/atmel/avrgcc/3.4.0.65/avrtoolchain/bin/../lib/gcc/avr/4.6.2/avr51\libgcc.a

.hash
 *(.hash)

.dynsym
 *(.dynsym)

.dynstr
 *(.dynstr)

.gnu.version
 *(.gnu.version)

.gnu.version_d
 *(.gnu.version_d)

.gnu.version_r
 *(.gnu.version_r)

.rel.init
 *(.rel.init)

.rela.init
 *(.rela.init)

.rel.text
 *(.rel.text)
 *(.rel.text.*)
 *(.rel.gnu.linkonce.t*)

.rela.text
 *(.rela.text)
 *(.rela.text.*)
 *(.rela.gnu.linkonce.t*)

.rel.fini
 *(.rel.fini)

.rela.fini
 *(.rela.fini)

.rel.rodata
 *(.rel.rodata)
 *(.rel.rodata.*)
 *(.rel.gnu.linkonce.r*)

.rela.rodata
 *(.rela.rodata)
 *(.rela.rodata.*)
 *(.rela.gnu.linkonce.r*)

.rel.data
 *(.rel.data)
 *(.rel.data.*)
 *(.rel.gnu.linkonce.d*)

.rela.data
 *(.rela.data)
 *(.rela.data.*)
 *(.rela.gnu.linkonce.d*)

.rel.ctors
 *(.rel.ctors)

.rela.ctors
 *(.rela.ctors)

.rel.dtors
 *(.rel.dtors)

.rela.dtors
 *(.rela.dtors)

.rel.got
 *(.rel.got)

.rela.got
 *(.rela.got)

.rel.bss
 *(.rel.bss)

.rela.bss
 *(.rela.bss)

.rel.plt
 *(.rel.plt)

.rela.plt
 *(.rela.plt)

.text           0x00000000     0x24e8
 *(.vectors)
 .vectors       0x00000000       0x8c d:/program files/atmel/atmel studio 6.0/extensions/atmel/avrgcc/3.4.0.65/avrtoolchain/bin/../lib/gcc/avr/4.6.2/../../../../avr/lib/avr51/crtm128a.o
                0x00000000                __vector_default
                0x00000000                __vectors
 *(.vectors)
 *(.progmem.gcc*)
 *(.progmem*)
                0x0000008c                . = ALIGN (0x2)
                0x0000008c                __trampolines_start = .
 *(.trampolines)
 .trampolines   0x0000008c        0x0 linker stubs
 *(.trampolines*)
                0x0000008c                __trampolines_end = .
 *(.jumptables)
 *(.jumptables*)
 *(.lowtext)
 *(.lowtext*)
                0x0000008c                __ctors_start = .
 *(.ctors)
                0x0000008c                __ctors_end = .
                0x0000008c                __dtors_start = .
 *(.dtors)
                0x0000008c                __dtors_end = .
 SORT(*)(.ctors)
 SORT(*)(.dtors)
 *(.init0)
 .init0         0x0000008c        0x0 d:/program files/atmel/atmel studio 6.0/extensions/atmel/avrgcc/3.4.0.65/avrtoolchain/bin/../lib/gcc/avr/4.6.2/../../../../avr/lib/avr51/crtm128a.o
                0x0000008c                __init
 *(.init0)
 *(.init1)
 *(.init1)
 *(.init2)
 .init2         0x0000008c        0xc d:/program files/atmel/atmel studio 6.0/extensions/atmel/avrgcc/3.4.0.65/avrtoolchain/bin/../lib/gcc/avr/4.6.2/../../../../avr/lib/avr51/crtm128a.o
 *(.init2)
 *(.init3)
 *(.init3)
 *(.init4)
 .init4         0x00000098       0x1a d:/program files/atmel/atmel studio 6.0/extensions/atmel/avrgcc/3.4.0.65/avrtoolchain/bin/../lib/gcc/avr/4.6.2/avr51\libgcc.a(_copy_data.o)
                0x00000098                __do_copy_data
 .init4         0x000000b2       0x10 d:/program files/atmel/atmel studio 6.0/extensions/atmel/avrgcc/3.4.0.65/avrtoolchain/bin/../lib/gcc/avr/4.6.2/avr51\libgcc.a(_clear_bss.o)
                0x000000b2                __do_clear_bss
 *(.init4)
 *(.init5)
 *(.init5)
 *(.init6)
 *(.init6)
 *(.init7)
 *(.init7)
 *(.init8)
 *(.init8)
 *(.init9)
 .init9         0x000000c2        0x8 d:/program files/atmel/atmel studio 6.0/extensions/atmel/avrgcc/3.4.0.65/avrtoolchain/bin/../lib/gcc/avr/4.6.2/../../../../avr/lib/avr51/crtm128a.o
 *(.init9)
 *(.text)
 .text          0x000000ca        0x4 d:/program files/atmel/atmel studio 6.0/extensions/atmel/avrgcc/3.4.0.65/avrtoolchain/bin/../lib/gcc/avr/4.6.2/../../../../avr/lib/avr51/crtm128a.o
                0x000000ca                __vector_22
                0x000000ca                __vector_28
                0x000000ca                __vector_1
                0x000000ca                __vector_32
                0x000000ca                __vector_34
                0x000000ca                __vector_24
                0x000000ca                __vector_12
                0x000000ca                __bad_interrupt
                0x000000ca                __vector_6
                0x000000ca                __vector_31
                0x000000ca                __vector_3
                0x000000ca                __vector_23
                0x000000ca                __vector_30
                0x000000ca                __vector_25
                0x000000ca                __vector_11
                0x000000ca                __vector_13
                0x000000ca                __vector_17
                0x000000ca                __vector_19
                0x000000ca                __vector_7
                0x000000ca                __vector_27
                0x000000ca                __vector_5
                0x000000ca                __vector_33
                0x000000ca                __vector_4
                0x000000ca                __vector_9
                0x000000ca                __vector_2
                0x000000ca                __vector_21
                0x000000ca                __vector_15
                0x000000ca                __vector_29
                0x000000ca                __vector_8
                0x000000ca                __vector_26
                0x000000ca                __vector_14
                0x000000ca                __vector_10
                0x000000ca                __vector_18
                0x000000ca                __vector_20
 .text          0x000000ce       0xe2 keypad.o
                0x000000ce                KEYPAD_Check
                0x000001a2                KEYPAD_Init
 .text          0x000001b0      0x20a lcd.o
                0x000001b0                LCDBusyLoop
                0x000001be                LCDByte
                0x000001f6                LCDWriteString
                0x00000254                LCDWriteInt
                0x00000320                LCDGotoXY
                0x00000344                LCDInit
 .text          0x000003ba      0x3e6 Main.o
                0x000003ba                sMCIfaceKEYPAD_checkpress
                0x000003c8                sMCIfaceKEYPAD_init
                0x000003ce                sMCIfaceLCD_writeString
                0x000003d4                sMCIfaceLCD_writeStringXY
                0x000003f2                sMCIfaceLCD_writeNumberXY
                0x00000434                sMCIfaceLCD_clear
                0x00000446                sMCIfaceLCD_init
                0x0000044e                sMCIfaceRF_getData
                0x000004ba                sMCIfaceRF_sendMsg
                0x00000524                sMCIfaceRF_sendCheck
                0x0000055e                sMCIfaceRF_getCheck
                0x000005d0                sMCIfaceRF_sendData
                0x00000668                sMCIfaceRF_sendReq
                0x000006ac                sMC_setTimer
                0x000006b2                sMC_unsetTimer
                0x000006b8                sMCIfaceRF_init
                0x000006be                main
                0x00000744                __vector_16
 .text          0x000007a0      0x77e rf.o
                0x000007a0                nrf24l01_readregister
                0x000007b2                nrf24l01_readregisters
                0x000007f0                nrf24l01_writeregister
                0x0000080a                nrf24l01_writeregisters
                0x00000848                nrf24l01_revaddress
                0x0000086a                nrf24l01_setrxaddr
                0x00000964                nrf24l01_settxaddr
                0x000009ba                nrf24l01_flushRXfifo
                0x000009c6                nrf24l01_flushTXfifo
                0x000009d2                nrf24l01_setRX
                0x00000a16                nrf24l01_setTX
                0x00000a4c                nrf24l01_getstatus
                0x00000a58                nrf24l01_printinfo
                0x00000c84                nrf24l01_readready
                0x00000ca8                nrf24l01_read
                0x00000cf4                nrf24l01_write
                0x00000d6a                nrf24l01_setpalevel
                0x00000d7c                nrf24l01_setdatarate
                0x00000d8e                nrf24l01_setcrclength
                0x00000da0                nrf24l01_init
 .text          0x00000f1e      0xae6 SMC.o
                0x00000f1e                sMC_init
                0x00000f2c                sMC_enter
                0x00000f52                sMC_exit
                0x0000105e                sMC_runCycle
                0x000016f4                sMC_raiseTimeEvent
                0x0000170e                sMC_isActive
                0x00001840                sMCIfaceKEYPAD_raise_key_pressed
                0x00001848                sMCIfaceKEYPAD_get_key
                0x00001854                sMCIfaceKEYPAD_set_key
                0x00001860                sMCIfaceKEYPAD_get_lastkey
                0x0000186c                sMCIfaceKEYPAD_set_lastkey
                0x00001878                sMCIfaceKEYPAD_get_key_down
                0x0000187e                sMCIfaceKEYPAD_set_key_down
                0x00001884                sMCIfaceUART_raise_dataRecieved
                0x0000188c                sMCIfaceUART_get_data
                0x00001894                sMCIfaceUART_set_data
                0x0000189c                sMCIfaceUART_get_lastdata
                0x000018a4                sMCIfaceUART_set_lastdata
                0x000018ac                sMCIfaceRF_raise_dataRecieved
                0x000018b4                sMCIfaceRF_get_data
                0x000018bc                sMCIfaceRF_set_data
                0x000018c4                sMCIfaceRF_get_lastdata
                0x000018cc                sMCIfaceRF_set_lastdata
                0x000018d4                sMCIfaceRF_get_result
                0x000018da                sMCIfaceRF_set_result
                0x000018e0                sMCIfaceRF_get_resultCheck
                0x000018e6                sMCIfaceRF_set_resultCheck
                0x000018ec                sMCIfaceRF_get_retry
                0x000018f8                sMCIfaceRF_set_retry
                0x00001904                sMCIfaceRF_get_retryCheck
                0x00001910                sMCIfaceRF_set_retryCheck
                0x0000191c                sMCIfaceRF_get_iD
                0x00001928                sMCIfaceRF_set_iD
                0x00001934                sMCIfaceDISH_get_iD
                0x00001940                sMCIfaceDISH_set_iD
                0x0000194c                sMCIfaceDISH_get_amount
                0x00001958                sMCIfaceDISH_set_amount
                0x00001964                sMCIfaceDISH_get_pos
                0x00001970                sMCIfaceDISH_set_pos
                0x0000197c                sMCIface_raise_switchOff
                0x00001988                sMCIface_raise_switchOn
                0x00001994                sMCIface_get_lightOn
                0x0000199a                sMCIface_set_lightOn
                0x000019a0                sMCIface_get_menuId
                0x000019ac                sMCIface_set_menuId
                0x000019b8                sMCIface_get_tableId
                0x000019c4                sMCIface_set_tableId
                0x000019d0                sMCIface_get_requestId
                0x000019dc                sMCIface_set_requestId
                0x000019e8                sMCIface_get_listId
                0x000019f6                sMCIface_set_listId
 .text          0x00001a04       0x20 spi.o
                0x00001a04                spi_init
                0x00001a1a                spi_writereadbyte
 .text          0x00001a24      0x1c4 TimerEvent.o
                0x00001a24                TimerInit
                0x00001a3c                TimerSet
                0x00001ad4                TimerUnSet
                0x00001b40                TimerCheck
                0x00001bd6                TimerClear
 .text          0x00001be8       0x8c UART.o
                0x00001be8                UART_Init
                0x00001c00                uart_putc
                0x00001c10                uart_puts
                0x00001c34                uart_getc
 .text          0x00001c74        0x0 d:/program files/atmel/atmel studio 6.0/extensions/atmel/avrgcc/3.4.0.65/avrtoolchain/bin/../lib/gcc/avr/4.6.2/avr51\libgcc.a(_udivmodqi4.o)
 .text          0x00001c74        0x0 d:/program files/atmel/atmel studio 6.0/extensions/atmel/avrgcc/3.4.0.65/avrtoolchain/bin/../lib/gcc/avr/4.6.2/avr51\libgcc.a(_divmodhi4.o)
 .text          0x00001c74        0x0 d:/program files/atmel/atmel studio 6.0/extensions/atmel/avrgcc/3.4.0.65/avrtoolchain/bin/../lib/gcc/avr/4.6.2/avr51\libgcc.a(_exit.o)
 .text          0x00001c74        0x0 d:/program files/atmel/atmel studio 6.0/extensions/atmel/avrgcc/3.4.0.65/avrtoolchain/bin/../lib/gcc/avr/4.6.2/avr51\libgcc.a(_copy_data.o)
 .text          0x00001c74        0x0 d:/program files/atmel/atmel studio 6.0/extensions/atmel/avrgcc/3.4.0.65/avrtoolchain/bin/../lib/gcc/avr/4.6.2/avr51\libgcc.a(_clear_bss.o)
 .text          0x00001c74        0x0 d:/program files/atmel/atmel studio 6.0/extensions/atmel/avrgcc/3.4.0.65/avrtoolchain/bin/../lib/gcc/avr/4.6.2/avr51\libgcc.a(_udivmodhi4.o)
 .text          0x00001c74        0x0 d:/program files/atmel/atmel studio 6.0/extensions/atmel/avrgcc/3.4.0.65/avrtoolchain/bin/../lib/gcc/avr/4.6.2/../../../../avr/lib/avr51\libc.a(malloc.o)
 .text          0x00001c74        0x0 d:/program files/atmel/atmel studio 6.0/extensions/atmel/avrgcc/3.4.0.65/avrtoolchain/bin/../lib/gcc/avr/4.6.2/../../../../avr/lib/avr51\libc.a(sprintf.o)
 .text          0x00001c74        0x0 d:/program files/atmel/atmel studio 6.0/extensions/atmel/avrgcc/3.4.0.65/avrtoolchain/bin/../lib/gcc/avr/4.6.2/../../../../avr/lib/avr51\libc.a(vfprintf_std.o)
 .text          0x00001c74        0x0 d:/program files/atmel/atmel studio 6.0/extensions/atmel/avrgcc/3.4.0.65/avrtoolchain/bin/../lib/gcc/avr/4.6.2/../../../../avr/lib/avr51\libc.a(strnlen_P.o)
 .text          0x00001c74        0x0 d:/program files/atmel/atmel studio 6.0/extensions/atmel/avrgcc/3.4.0.65/avrtoolchain/bin/../lib/gcc/avr/4.6.2/../../../../avr/lib/avr51\libc.a(strnlen.o)
 .text          0x00001c74        0x0 d:/program files/atmel/atmel studio 6.0/extensions/atmel/avrgcc/3.4.0.65/avrtoolchain/bin/../lib/gcc/avr/4.6.2/../../../../avr/lib/avr51\libc.a(fputc.o)
 .text          0x00001c74        0x0 d:/program files/atmel/atmel studio 6.0/extensions/atmel/avrgcc/3.4.0.65/avrtoolchain/bin/../lib/gcc/avr/4.6.2/../../../../avr/lib/avr51\libc.a(ultoa_invert.o)
                0x00001c74                . = ALIGN (0x2)
 *(.text.*)
 .text.libgcc   0x00001c74       0x18 d:/program files/atmel/atmel studio 6.0/extensions/atmel/avrgcc/3.4.0.65/avrtoolchain/bin/../lib/gcc/avr/4.6.2/avr51\libgcc.a(_udivmodqi4.o)
                0x00001c74                __udivmodqi4
 .text.libgcc   0x00001c8c       0x26 d:/program files/atmel/atmel studio 6.0/extensions/atmel/avrgcc/3.4.0.65/avrtoolchain/bin/../lib/gcc/avr/4.6.2/avr51\libgcc.a(_divmodhi4.o)
                0x00001c8c                _div
                0x00001c8c                __divmodhi4
 .text.libgcc   0x00001cb2        0x0 d:/program files/atmel/atmel studio 6.0/extensions/atmel/avrgcc/3.4.0.65/avrtoolchain/bin/../lib/gcc/avr/4.6.2/avr51\libgcc.a(_exit.o)
 .text.libgcc   0x00001cb2        0x0 d:/program files/atmel/atmel studio 6.0/extensions/atmel/avrgcc/3.4.0.65/avrtoolchain/bin/../lib/gcc/avr/4.6.2/avr51\libgcc.a(_copy_data.o)
 .text.libgcc   0x00001cb2        0x0 d:/program files/atmel/atmel studio 6.0/extensions/atmel/avrgcc/3.4.0.65/avrtoolchain/bin/../lib/gcc/avr/4.6.2/avr51\libgcc.a(_clear_bss.o)
 .text.libgcc   0x00001cb2       0x28 d:/program files/atmel/atmel studio 6.0/extensions/atmel/avrgcc/3.4.0.65/avrtoolchain/bin/../lib/gcc/avr/4.6.2/avr51\libgcc.a(_udivmodhi4.o)
                0x00001cb2                __udivmodhi4
 .text.avr-libc
                0x00001cda      0x25e d:/program files/atmel/atmel studio 6.0/extensions/atmel/avrgcc/3.4.0.65/avrtoolchain/bin/../lib/gcc/avr/4.6.2/../../../../avr/lib/avr51\libc.a(malloc.o)
                0x00001cda                malloc
                0x00001e06                free
 .text.avr-libc
                0x00001f38       0x5e d:/program files/atmel/atmel studio 6.0/extensions/atmel/avrgcc/3.4.0.65/avrtoolchain/bin/../lib/gcc/avr/4.6.2/../../../../avr/lib/avr51\libc.a(sprintf.o)
                0x00001f38                sprintf
 .text.avr-libc
                0x00001f96      0x40e d:/program files/atmel/atmel studio 6.0/extensions/atmel/avrgcc/3.4.0.65/avrtoolchain/bin/../lib/gcc/avr/4.6.2/../../../../avr/lib/avr51\libc.a(vfprintf_std.o)
                0x00001f96                vfprintf
 .text.avr-libc
                0x000023a4       0x16 d:/program files/atmel/atmel studio 6.0/extensions/atmel/avrgcc/3.4.0.65/avrtoolchain/bin/../lib/gcc/avr/4.6.2/../../../../avr/lib/avr51\libc.a(strnlen_P.o)
                0x000023a4                strnlen_P
 .text.avr-libc
                0x000023ba       0x16 d:/program files/atmel/atmel studio 6.0/extensions/atmel/avrgcc/3.4.0.65/avrtoolchain/bin/../lib/gcc/avr/4.6.2/../../../../avr/lib/avr51\libc.a(strnlen.o)
                0x000023ba                strnlen
 .text.avr-libc
                0x000023d0       0x58 d:/program files/atmel/atmel studio 6.0/extensions/atmel/avrgcc/3.4.0.65/avrtoolchain/bin/../lib/gcc/avr/4.6.2/../../../../avr/lib/avr51\libc.a(fputc.o)
                0x000023d0                fputc
 .text.avr-libc
                0x00002428       0xbc d:/program files/atmel/atmel studio 6.0/extensions/atmel/avrgcc/3.4.0.65/avrtoolchain/bin/../lib/gcc/avr/4.6.2/../../../../avr/lib/avr51\libc.a(ultoa_invert.o)
                0x00002428                __ultoa_invert
                0x000024e4                . = ALIGN (0x2)
 *(.fini9)
 .fini9         0x000024e4        0x0 d:/program files/atmel/atmel studio 6.0/extensions/atmel/avrgcc/3.4.0.65/avrtoolchain/bin/../lib/gcc/avr/4.6.2/avr51\libgcc.a(_exit.o)
                0x000024e4                _exit
                0x000024e4                exit
 *(.fini9)
 *(.fini8)
 *(.fini8)
 *(.fini7)
 *(.fini7)
 *(.fini6)
 *(.fini6)
 *(.fini5)
 *(.fini5)
 *(.fini4)
 *(.fini4)
 *(.fini3)
 *(.fini3)
 *(.fini2)
 *(.fini2)
 *(.fini1)
 *(.fini1)
 *(.fini0)
 .fini0         0x000024e4        0x4 d:/program files/atmel/atmel studio 6.0/extensions/atmel/avrgcc/3.4.0.65/avrtoolchain/bin/../lib/gcc/avr/4.6.2/avr51\libgcc.a(_exit.o)
 *(.fini0)
                0x000024e8                _etext = .

.data           0x00800100      0x10c load address 0x000024e8
                0x00800100                PROVIDE (__data_start, .)
 *(.data)
 .data          0x00800100        0x0 d:/program files/atmel/atmel studio 6.0/extensions/atmel/avrgcc/3.4.0.65/avrtoolchain/bin/../lib/gcc/avr/4.6.2/../../../../avr/lib/avr51/crtm128a.o
 .data          0x00800100       0x14 keypad.o
                0x00800100                ascii_code
                0x00800110                scan_code
 .data          0x00800114       0x40 lcd.o
                0x00800114                __cgram
 .data          0x00800154        0xb Main.o
 .data          0x0080015f       0x9d rf.o
 .data          0x008001fc        0xa SMC.o
 .data          0x00800206        0x0 spi.o
 .data          0x00800206        0x0 TimerEvent.o
 .data          0x00800206        0x0 UART.o
 .data          0x00800206        0x0 d:/program files/atmel/atmel studio 6.0/extensions/atmel/avrgcc/3.4.0.65/avrtoolchain/bin/../lib/gcc/avr/4.6.2/avr51\libgcc.a(_udivmodqi4.o)
 .data          0x00800206        0x0 d:/program files/atmel/atmel studio 6.0/extensions/atmel/avrgcc/3.4.0.65/avrtoolchain/bin/../lib/gcc/avr/4.6.2/avr51\libgcc.a(_divmodhi4.o)
 .data          0x00800206        0x0 d:/program files/atmel/atmel studio 6.0/extensions/atmel/avrgcc/3.4.0.65/avrtoolchain/bin/../lib/gcc/avr/4.6.2/avr51\libgcc.a(_exit.o)
 .data          0x00800206        0x0 d:/program files/atmel/atmel studio 6.0/extensions/atmel/avrgcc/3.4.0.65/avrtoolchain/bin/../lib/gcc/avr/4.6.2/avr51\libgcc.a(_copy_data.o)
 .data          0x00800206        0x0 d:/program files/atmel/atmel studio 6.0/extensions/atmel/avrgcc/3.4.0.65/avrtoolchain/bin/../lib/gcc/avr/4.6.2/avr51\libgcc.a(_clear_bss.o)
 .data          0x00800206        0x0 d:/program files/atmel/atmel studio 6.0/extensions/atmel/avrgcc/3.4.0.65/avrtoolchain/bin/../lib/gcc/avr/4.6.2/avr51\libgcc.a(_udivmodhi4.o)
 .data          0x00800206        0x6 d:/program files/atmel/atmel studio 6.0/extensions/atmel/avrgcc/3.4.0.65/avrtoolchain/bin/../lib/gcc/avr/4.6.2/../../../../avr/lib/avr51\libc.a(malloc.o)
                0x00800206                __malloc_heap_end
                0x00800208                __malloc_heap_start
                0x0080020a                __malloc_margin
 .data          0x0080020c        0x0 d:/program files/atmel/atmel studio 6.0/extensions/atmel/avrgcc/3.4.0.65/avrtoolchain/bin/../lib/gcc/avr/4.6.2/../../../../avr/lib/avr51\libc.a(sprintf.o)
 .data          0x0080020c        0x0 d:/program files/atmel/atmel studio 6.0/extensions/atmel/avrgcc/3.4.0.65/avrtoolchain/bin/../lib/gcc/avr/4.6.2/../../../../avr/lib/avr51\libc.a(vfprintf_std.o)
 .data          0x0080020c        0x0 d:/program files/atmel/atmel studio 6.0/extensions/atmel/avrgcc/3.4.0.65/avrtoolchain/bin/../lib/gcc/avr/4.6.2/../../../../avr/lib/avr51\libc.a(strnlen_P.o)
 .data          0x0080020c        0x0 d:/program files/atmel/atmel studio 6.0/extensions/atmel/avrgcc/3.4.0.65/avrtoolchain/bin/../lib/gcc/avr/4.6.2/../../../../avr/lib/avr51\libc.a(strnlen.o)
 .data          0x0080020c        0x0 d:/program files/atmel/atmel studio 6.0/extensions/atmel/avrgcc/3.4.0.65/avrtoolchain/bin/../lib/gcc/avr/4.6.2/../../../../avr/lib/avr51\libc.a(fputc.o)
 .data          0x0080020c        0x0 d:/program files/atmel/atmel studio 6.0/extensions/atmel/avrgcc/3.4.0.65/avrtoolchain/bin/../lib/gcc/avr/4.6.2/../../../../avr/lib/avr51\libc.a(ultoa_invert.o)
 *(.data*)
 *(.rodata)
 *(.rodata*)
 *(.gnu.linkonce.d*)
                0x0080020c                . = ALIGN (0x2)
                0x0080020c                _edata = .
                0x0080020c                PROVIDE (__data_end, .)

.bss            0x0080020c       0x84
                0x0080020c                PROVIDE (__bss_start, .)
 *(.bss)
 .bss           0x0080020c        0x0 d:/program files/atmel/atmel studio 6.0/extensions/atmel/avrgcc/3.4.0.65/avrtoolchain/bin/../lib/gcc/avr/4.6.2/../../../../avr/lib/avr51/crtm128a.o
 .bss           0x0080020c        0x0 keypad.o
 .bss           0x0080020c        0x0 lcd.o
 .bss           0x0080020c        0x0 Main.o
 .bss           0x0080020c        0x0 rf.o
 .bss           0x0080020c        0x0 SMC.o
 .bss           0x0080020c        0x0 spi.o
 .bss           0x0080020c        0x2 TimerEvent.o
                0x0080020c                tmrCount
 .bss           0x0080020e        0x2 UART.o
                0x0080020e                rc_count
 .bss           0x00800210        0x0 d:/program files/atmel/atmel studio 6.0/extensions/atmel/avrgcc/3.4.0.65/avrtoolchain/bin/../lib/gcc/avr/4.6.2/avr51\libgcc.a(_udivmodqi4.o)
 .bss           0x00800210        0x0 d:/program files/atmel/atmel studio 6.0/extensions/atmel/avrgcc/3.4.0.65/avrtoolchain/bin/../lib/gcc/avr/4.6.2/avr51\libgcc.a(_divmodhi4.o)
 .bss           0x00800210        0x0 d:/program files/atmel/atmel studio 6.0/extensions/atmel/avrgcc/3.4.0.65/avrtoolchain/bin/../lib/gcc/avr/4.6.2/avr51\libgcc.a(_exit.o)
 .bss           0x00800210        0x0 d:/program files/atmel/atmel studio 6.0/extensions/atmel/avrgcc/3.4.0.65/avrtoolchain/bin/../lib/gcc/avr/4.6.2/avr51\libgcc.a(_copy_data.o)
 .bss           0x00800210        0x0 d:/program files/atmel/atmel studio 6.0/extensions/atmel/avrgcc/3.4.0.65/avrtoolchain/bin/../lib/gcc/avr/4.6.2/avr51\libgcc.a(_clear_bss.o)
 .bss           0x00800210        0x0 d:/program files/atmel/atmel studio 6.0/extensions/atmel/avrgcc/3.4.0.65/avrtoolchain/bin/../lib/gcc/avr/4.6.2/avr51\libgcc.a(_udivmodhi4.o)
 .bss           0x00800210        0x0 d:/program files/atmel/atmel studio 6.0/extensions/atmel/avrgcc/3.4.0.65/avrtoolchain/bin/../lib/gcc/avr/4.6.2/../../../../avr/lib/avr51\libc.a(malloc.o)
 .bss           0x00800210        0x0 d:/program files/atmel/atmel studio 6.0/extensions/atmel/avrgcc/3.4.0.65/avrtoolchain/bin/../lib/gcc/avr/4.6.2/../../../../avr/lib/avr51\libc.a(sprintf.o)
 .bss           0x00800210        0x0 d:/program files/atmel/atmel studio 6.0/extensions/atmel/avrgcc/3.4.0.65/avrtoolchain/bin/../lib/gcc/avr/4.6.2/../../../../avr/lib/avr51\libc.a(vfprintf_std.o)
 .bss           0x00800210        0x0 d:/program files/atmel/atmel studio 6.0/extensions/atmel/avrgcc/3.4.0.65/avrtoolchain/bin/../lib/gcc/avr/4.6.2/../../../../avr/lib/avr51\libc.a(strnlen_P.o)
 .bss           0x00800210        0x0 d:/program files/atmel/atmel studio 6.0/extensions/atmel/avrgcc/3.4.0.65/avrtoolchain/bin/../lib/gcc/avr/4.6.2/../../../../avr/lib/avr51\libc.a(strnlen.o)
 .bss           0x00800210        0x0 d:/program files/atmel/atmel studio 6.0/extensions/atmel/avrgcc/3.4.0.65/avrtoolchain/bin/../lib/gcc/avr/4.6.2/../../../../avr/lib/avr51\libc.a(fputc.o)
 .bss           0x00800210        0x0 d:/program files/atmel/atmel studio 6.0/extensions/atmel/avrgcc/3.4.0.65/avrtoolchain/bin/../lib/gcc/avr/4.6.2/../../../../avr/lib/avr51\libc.a(ultoa_invert.o)
 *(.bss*)
 *(COMMON)
 COMMON         0x00800210       0x14 Main.o
                0x00800210                bufferin
                0x00800219                l
                0x0080021b                bufferout
 COMMON         0x00800224       0x46 TimerEvent.o
                0x00800224                tmrEvent
 COMMON         0x0080026a       0x22 UART.o
                0x0080026a                rc
                0x0080028a                u_Data
 COMMON         0x0080028c        0x4 d:/program files/atmel/atmel studio 6.0/extensions/atmel/avrgcc/3.4.0.65/avrtoolchain/bin/../lib/gcc/avr/4.6.2/../../../../avr/lib/avr51\libc.a(malloc.o)
                0x0080028c                __brkval
                0x0080028e                __flp
                0x00800290                PROVIDE (__bss_end, .)
                0x000024e8                __data_load_start = LOADADDR (.data)
                0x000025f4                __data_load_end = (__data_load_start + SIZEOF (.data))

.noinit         0x00800290        0x0
                0x00800290                PROVIDE (__noinit_start, .)
 *(.noinit*)
                0x00800290                PROVIDE (__noinit_end, .)
                0x00800290                _end = .
                0x00800290                PROVIDE (__heap_start, .)

.eeprom         0x00810000        0x0
 *(.eeprom*)
                0x00810000                __eeprom_end = .

.fuse
 *(.fuse)
 *(.lfuse)
 *(.hfuse)
 *(.efuse)

.lock
 *(.lock*)

.signature
 *(.signature*)

.stab           0x00000000      0xc84
 *(.stab)
 .stab          0x00000000      0x6cc d:/program files/atmel/atmel studio 6.0/extensions/atmel/avrgcc/3.4.0.65/avrtoolchain/bin/../lib/gcc/avr/4.6.2/../../../../avr/lib/avr51/crtm128a.o
 .stab          0x000006cc       0x9c d:/program files/atmel/atmel studio 6.0/extensions/atmel/avrgcc/3.4.0.65/avrtoolchain/bin/../lib/gcc/avr/4.6.2/../../../../avr/lib/avr51\libc.a(strnlen_P.o)
                                 0xa8 (size before relaxing)
 .stab          0x00000768       0x9c d:/program files/atmel/atmel studio 6.0/extensions/atmel/avrgcc/3.4.0.65/avrtoolchain/bin/../lib/gcc/avr/4.6.2/../../../../avr/lib/avr51\libc.a(strnlen.o)
                                 0xa8 (size before relaxing)
 .stab          0x00000804      0x480 d:/program files/atmel/atmel studio 6.0/extensions/atmel/avrgcc/3.4.0.65/avrtoolchain/bin/../lib/gcc/avr/4.6.2/../../../../avr/lib/avr51\libc.a(ultoa_invert.o)
                                0x48c (size before relaxing)

.stabstr        0x00000000      0x1b6
 *(.stabstr)
 .stabstr       0x00000000      0x1b6 d:/program files/atmel/atmel studio 6.0/extensions/atmel/avrgcc/3.4.0.65/avrtoolchain/bin/../lib/gcc/avr/4.6.2/../../../../avr/lib/avr51/crtm128a.o

.stab.excl
 *(.stab.excl)

.stab.exclstr
 *(.stab.exclstr)

.stab.index
 *(.stab.index)

.stab.indexstr
 *(.stab.indexstr)

.comment
 *(.comment)

.debug
 *(.debug)

.line
 *(.line)

.debug_srcinfo
 *(.debug_srcinfo)

.debug_sfnames
 *(.debug_sfnames)

.debug_aranges  0x00000000      0x248
 *(.debug_aranges)
 .debug_aranges
                0x00000000       0x20 keypad.o
 .debug_aranges
                0x00000020       0x20 lcd.o
 .debug_aranges
                0x00000040       0x20 Main.o
 .debug_aranges
                0x00000060       0x20 rf.o
 .debug_aranges
                0x00000080       0x20 SMC.o
 .debug_aranges
                0x000000a0       0x20 spi.o
 .debug_aranges
                0x000000c0       0x20 TimerEvent.o
 .debug_aranges
                0x000000e0       0x20 UART.o
 .debug_aranges
                0x00000100       0x20 d:/program files/atmel/atmel studio 6.0/extensions/atmel/avrgcc/3.4.0.65/avrtoolchain/bin/../lib/gcc/avr/4.6.2/avr51\libgcc.a(_udivmodqi4.o)
 .debug_aranges
                0x00000120       0x20 d:/program files/atmel/atmel studio 6.0/extensions/atmel/avrgcc/3.4.0.65/avrtoolchain/bin/../lib/gcc/avr/4.6.2/avr51\libgcc.a(_divmodhi4.o)
 .debug_aranges
                0x00000140       0x20 d:/program files/atmel/atmel studio 6.0/extensions/atmel/avrgcc/3.4.0.65/avrtoolchain/bin/../lib/gcc/avr/4.6.2/avr51\libgcc.a(_exit.o)
 .debug_aranges
                0x00000160       0x20 d:/program files/atmel/atmel studio 6.0/extensions/atmel/avrgcc/3.4.0.65/avrtoolchain/bin/../lib/gcc/avr/4.6.2/avr51\libgcc.a(_copy_data.o)
 .debug_aranges
                0x00000180       0x20 d:/program files/atmel/atmel studio 6.0/extensions/atmel/avrgcc/3.4.0.65/avrtoolchain/bin/../lib/gcc/avr/4.6.2/avr51\libgcc.a(_clear_bss.o)
 .debug_aranges
                0x000001a0       0x20 d:/program files/atmel/atmel studio 6.0/extensions/atmel/avrgcc/3.4.0.65/avrtoolchain/bin/../lib/gcc/avr/4.6.2/avr51\libgcc.a(_udivmodhi4.o)
 .debug_aranges
                0x000001c0       0x28 d:/program files/atmel/atmel studio 6.0/extensions/atmel/avrgcc/3.4.0.65/avrtoolchain/bin/../lib/gcc/avr/4.6.2/../../../../avr/lib/avr51\libc.a(malloc.o)
 .debug_aranges
                0x000001e8       0x20 d:/program files/atmel/atmel studio 6.0/extensions/atmel/avrgcc/3.4.0.65/avrtoolchain/bin/../lib/gcc/avr/4.6.2/../../../../avr/lib/avr51\libc.a(sprintf.o)
 .debug_aranges
                0x00000208       0x20 d:/program files/atmel/atmel studio 6.0/extensions/atmel/avrgcc/3.4.0.65/avrtoolchain/bin/../lib/gcc/avr/4.6.2/../../../../avr/lib/avr51\libc.a(vfprintf_std.o)
 .debug_aranges
                0x00000228       0x20 d:/program files/atmel/atmel studio 6.0/extensions/atmel/avrgcc/3.4.0.65/avrtoolchain/bin/../lib/gcc/avr/4.6.2/../../../../avr/lib/avr51\libc.a(fputc.o)

.debug_pubnames
 *(.debug_pubnames)

.debug_info     0x00000000     0x3edf
 *(.debug_info)
 .debug_info    0x00000000      0x1bc keypad.o
 .debug_info    0x000001bc      0x32d lcd.o
 .debug_info    0x000004e9      0x75b Main.o
 .debug_info    0x00000c44      0x753 rf.o
 .debug_info    0x00001397     0x11f1 SMC.o
 .debug_info    0x00002588       0xa6 spi.o
 .debug_info    0x0000262e      0x590 TimerEvent.o
 .debug_info    0x00002bbe      0x4f7 UART.o
 .debug_info    0x000030b5       0xde d:/program files/atmel/atmel studio 6.0/extensions/atmel/avrgcc/3.4.0.65/avrtoolchain/bin/../lib/gcc/avr/4.6.2/avr51\libgcc.a(_udivmodqi4.o)
 .debug_info    0x00003193       0xde d:/program files/atmel/atmel studio 6.0/extensions/atmel/avrgcc/3.4.0.65/avrtoolchain/bin/../lib/gcc/avr/4.6.2/avr51\libgcc.a(_divmodhi4.o)
 .debug_info    0x00003271       0xde d:/program files/atmel/atmel studio 6.0/extensions/atmel/avrgcc/3.4.0.65/avrtoolchain/bin/../lib/gcc/avr/4.6.2/avr51\libgcc.a(_exit.o)
 .debug_info    0x0000334f       0xde d:/program files/atmel/atmel studio 6.0/extensions/atmel/avrgcc/3.4.0.65/avrtoolchain/bin/../lib/gcc/avr/4.6.2/avr51\libgcc.a(_copy_data.o)
 .debug_info    0x0000342d       0xde d:/program files/atmel/atmel studio 6.0/extensions/atmel/avrgcc/3.4.0.65/avrtoolchain/bin/../lib/gcc/avr/4.6.2/avr51\libgcc.a(_clear_bss.o)
 .debug_info    0x0000350b       0xde d:/program files/atmel/atmel studio 6.0/extensions/atmel/avrgcc/3.4.0.65/avrtoolchain/bin/../lib/gcc/avr/4.6.2/avr51\libgcc.a(_udivmodhi4.o)
 .debug_info    0x000035e9      0x296 d:/program files/atmel/atmel studio 6.0/extensions/atmel/avrgcc/3.4.0.65/avrtoolchain/bin/../lib/gcc/avr/4.6.2/../../../../avr/lib/avr51\libc.a(malloc.o)
 .debug_info    0x0000387f      0x1b7 d:/program files/atmel/atmel studio 6.0/extensions/atmel/avrgcc/3.4.0.65/avrtoolchain/bin/../lib/gcc/avr/4.6.2/../../../../avr/lib/avr51\libc.a(sprintf.o)
 .debug_info    0x00003a36      0x342 d:/program files/atmel/atmel studio 6.0/extensions/atmel/avrgcc/3.4.0.65/avrtoolchain/bin/../lib/gcc/avr/4.6.2/../../../../avr/lib/avr51\libc.a(vfprintf_std.o)
 .debug_info    0x00003d78      0x167 d:/program files/atmel/atmel studio 6.0/extensions/atmel/avrgcc/3.4.0.65/avrtoolchain/bin/../lib/gcc/avr/4.6.2/../../../../avr/lib/avr51\libc.a(fputc.o)
 *(.gnu.linkonce.wi.*)

.debug_abbrev   0x00000000     0x1152
 *(.debug_abbrev)
 .debug_abbrev  0x00000000      0x130 keypad.o
 .debug_abbrev  0x00000130      0x1bb lcd.o
 .debug_abbrev  0x000002eb      0x272 Main.o
 .debug_abbrev  0x0000055d      0x230 rf.o
 .debug_abbrev  0x0000078d      0x1ff SMC.o
 .debug_abbrev  0x0000098c       0x70 spi.o
 .debug_abbrev  0x000009fc      0x161 TimerEvent.o
 .debug_abbrev  0x00000b5d      0x151 UART.o
 .debug_abbrev  0x00000cae       0x14 d:/program files/atmel/atmel studio 6.0/extensions/atmel/avrgcc/3.4.0.65/avrtoolchain/bin/../lib/gcc/avr/4.6.2/avr51\libgcc.a(_udivmodqi4.o)
 .debug_abbrev  0x00000cc2       0x14 d:/program files/atmel/atmel studio 6.0/extensions/atmel/avrgcc/3.4.0.65/avrtoolchain/bin/../lib/gcc/avr/4.6.2/avr51\libgcc.a(_divmodhi4.o)
 .debug_abbrev  0x00000cd6       0x14 d:/program files/atmel/atmel studio 6.0/extensions/atmel/avrgcc/3.4.0.65/avrtoolchain/bin/../lib/gcc/avr/4.6.2/avr51\libgcc.a(_exit.o)
 .debug_abbrev  0x00000cea       0x14 d:/program files/atmel/atmel studio 6.0/extensions/atmel/avrgcc/3.4.0.65/avrtoolchain/bin/../lib/gcc/avr/4.6.2/avr51\libgcc.a(_copy_data.o)
 .debug_abbrev  0x00000cfe       0x14 d:/program files/atmel/atmel studio 6.0/extensions/atmel/avrgcc/3.4.0.65/avrtoolchain/bin/../lib/gcc/avr/4.6.2/avr51\libgcc.a(_clear_bss.o)
 .debug_abbrev  0x00000d12       0x14 d:/program files/atmel/atmel studio 6.0/extensions/atmel/avrgcc/3.4.0.65/avrtoolchain/bin/../lib/gcc/avr/4.6.2/avr51\libgcc.a(_udivmodhi4.o)
 .debug_abbrev  0x00000d26       0xf5 d:/program files/atmel/atmel studio 6.0/extensions/atmel/avrgcc/3.4.0.65/avrtoolchain/bin/../lib/gcc/avr/4.6.2/../../../../avr/lib/avr51\libc.a(malloc.o)
 .debug_abbrev  0x00000e1b       0xfd d:/program files/atmel/atmel studio 6.0/extensions/atmel/avrgcc/3.4.0.65/avrtoolchain/bin/../lib/gcc/avr/4.6.2/../../../../avr/lib/avr51\libc.a(sprintf.o)
 .debug_abbrev  0x00000f18      0x161 d:/program files/atmel/atmel studio 6.0/extensions/atmel/avrgcc/3.4.0.65/avrtoolchain/bin/../lib/gcc/avr/4.6.2/../../../../avr/lib/avr51\libc.a(vfprintf_std.o)
 .debug_abbrev  0x00001079       0xd9 d:/program files/atmel/atmel studio 6.0/extensions/atmel/avrgcc/3.4.0.65/avrtoolchain/bin/../lib/gcc/avr/4.6.2/../../../../avr/lib/avr51\libc.a(fputc.o)

.debug_line     0x00000000     0x1852
 *(.debug_line)
 .debug_line    0x00000000      0x18f keypad.o
 .debug_line    0x0000018f      0x20f lcd.o
 .debug_line    0x0000039e      0x257 Main.o
 .debug_line    0x000005f5      0x29c rf.o
 .debug_line    0x00000891      0x2b0 SMC.o
 .debug_line    0x00000b41       0xd8 spi.o
 .debug_line    0x00000c19      0x12e TimerEvent.o
 .debug_line    0x00000d47      0x101 UART.o
 .debug_line    0x00000e48       0x92 d:/program files/atmel/atmel studio 6.0/extensions/atmel/avrgcc/3.4.0.65/avrtoolchain/bin/../lib/gcc/avr/4.6.2/avr51\libgcc.a(_udivmodqi4.o)
 .debug_line    0x00000eda       0x99 d:/program files/atmel/atmel studio 6.0/extensions/atmel/avrgcc/3.4.0.65/avrtoolchain/bin/../lib/gcc/avr/4.6.2/avr51\libgcc.a(_divmodhi4.o)
 .debug_line    0x00000f73       0x88 d:/program files/atmel/atmel studio 6.0/extensions/atmel/avrgcc/3.4.0.65/avrtoolchain/bin/../lib/gcc/avr/4.6.2/avr51\libgcc.a(_exit.o)
 .debug_line    0x00000ffb       0x93 d:/program files/atmel/atmel studio 6.0/extensions/atmel/avrgcc/3.4.0.65/avrtoolchain/bin/../lib/gcc/avr/4.6.2/avr51\libgcc.a(_copy_data.o)
 .debug_line    0x0000108e       0x8e d:/program files/atmel/atmel studio 6.0/extensions/atmel/avrgcc/3.4.0.65/avrtoolchain/bin/../lib/gcc/avr/4.6.2/avr51\libgcc.a(_clear_bss.o)
 .debug_line    0x0000111c       0x9a d:/program files/atmel/atmel studio 6.0/extensions/atmel/avrgcc/3.4.0.65/avrtoolchain/bin/../lib/gcc/avr/4.6.2/avr51\libgcc.a(_udivmodhi4.o)
 .debug_line    0x000011b6      0x1d3 d:/program files/atmel/atmel studio 6.0/extensions/atmel/avrgcc/3.4.0.65/avrtoolchain/bin/../lib/gcc/avr/4.6.2/../../../../avr/lib/avr51\libc.a(malloc.o)
 .debug_line    0x00001389      0x157 d:/program files/atmel/atmel studio 6.0/extensions/atmel/avrgcc/3.4.0.65/avrtoolchain/bin/../lib/gcc/avr/4.6.2/../../../../avr/lib/avr51\libc.a(sprintf.o)
 .debug_line    0x000014e0      0x291 d:/program files/atmel/atmel studio 6.0/extensions/atmel/avrgcc/3.4.0.65/avrtoolchain/bin/../lib/gcc/avr/4.6.2/../../../../avr/lib/avr51\libc.a(vfprintf_std.o)
 .debug_line    0x00001771       0xe1 d:/program files/atmel/atmel studio 6.0/extensions/atmel/avrgcc/3.4.0.65/avrtoolchain/bin/../lib/gcc/avr/4.6.2/../../../../avr/lib/avr51\libc.a(fputc.o)

.debug_frame    0x00000000      0xba8
 *(.debug_frame)
 .debug_frame   0x00000000       0x68 keypad.o
 .debug_frame   0x00000068       0xc0 lcd.o
 .debug_frame   0x00000128      0x210 Main.o
 .debug_frame   0x00000338      0x234 rf.o
 .debug_frame   0x0000056c      0x3b0 SMC.o
 .debug_frame   0x0000091c       0x34 spi.o
 .debug_frame   0x00000950       0xac TimerEvent.o
 .debug_frame   0x000009fc       0x60 UART.o
 .debug_frame   0x00000a5c       0x54 d:/program files/atmel/atmel studio 6.0/extensions/atmel/avrgcc/3.4.0.65/avrtoolchain/bin/../lib/gcc/avr/4.6.2/../../../../avr/lib/avr51\libc.a(malloc.o)
 .debug_frame   0x00000ab0       0x3c d:/program files/atmel/atmel studio 6.0/extensions/atmel/avrgcc/3.4.0.65/avrtoolchain/bin/../lib/gcc/avr/4.6.2/../../../../avr/lib/avr51\libc.a(sprintf.o)
 .debug_frame   0x00000aec       0x84 d:/program files/atmel/atmel studio 6.0/extensions/atmel/avrgcc/3.4.0.65/avrtoolchain/bin/../lib/gcc/avr/4.6.2/../../../../avr/lib/avr51\libc.a(vfprintf_std.o)
 .debug_frame   0x00000b70       0x38 d:/program files/atmel/atmel studio 6.0/extensions/atmel/avrgcc/3.4.0.65/avrtoolchain/bin/../lib/gcc/avr/4.6.2/../../../../avr/lib/avr51\libc.a(fputc.o)

.debug_str      0x00000000     0x1587
 *(.debug_str)
 .debug_str     0x00000000      0x13b keypad.o
                                0x16f (size before relaxing)
 .debug_str     0x0000013b       0x8b lcd.o
                                0x1b5 (size before relaxing)
 .debug_str     0x000001c6      0x1e7 Main.o
                                0x336 (size before relaxing)
 .debug_str     0x000003ad      0x204 rf.o
                                0x38a (size before relaxing)
 .debug_str     0x000005b1      0xc7d SMC.o
                                0xe1d (size before relaxing)
 .debug_str     0x0000122e       0x26 spi.o
                                0x105 (size before relaxing)
 .debug_str     0x00001254       0x75 TimerEvent.o
                                0x6cb (size before relaxing)
 .debug_str     0x000012c9       0x49 UART.o
                                0x684 (size before relaxing)
 .debug_str     0x00001312       0xe9 d:/program files/atmel/atmel studio 6.0/extensions/atmel/avrgcc/3.4.0.65/avrtoolchain/bin/../lib/gcc/avr/4.6.2/../../../../avr/lib/avr51\libc.a(malloc.o)
                                0x16a (size before relaxing)
 .debug_str     0x000013fb       0x99 d:/program files/atmel/atmel studio 6.0/extensions/atmel/avrgcc/3.4.0.65/avrtoolchain/bin/../lib/gcc/avr/4.6.2/../../../../avr/lib/avr51\libc.a(sprintf.o)
                                0x121 (size before relaxing)
 .debug_str     0x00001494       0x9d d:/program files/atmel/atmel studio 6.0/extensions/atmel/avrgcc/3.4.0.65/avrtoolchain/bin/../lib/gcc/avr/4.6.2/../../../../avr/lib/avr51\libc.a(vfprintf_std.o)
                                0x16b (size before relaxing)
 .debug_str     0x00001531       0x56 d:/program files/atmel/atmel studio 6.0/extensions/atmel/avrgcc/3.4.0.65/avrtoolchain/bin/../lib/gcc/avr/4.6.2/../../../../avr/lib/avr51\libc.a(fputc.o)
                                 0xfb (size before relaxing)

.debug_loc      0x00000000     0x2835
 *(.debug_loc)
 .debug_loc     0x00000000      0x119 keypad.o
 .debug_loc     0x00000119      0x34d lcd.o
 .debug_loc     0x00000466      0x787 Main.o
 .debug_loc     0x00000bed      0x6e4 rf.o
 .debug_loc     0x000012d1      0x758 SMC.o
 .debug_loc     0x00001a29       0x1f spi.o
 .debug_loc     0x00001a48      0x24b TimerEvent.o
 .debug_loc     0x00001c93       0xaa UART.o
 .debug_loc     0x00001d3d      0x421 d:/program files/atmel/atmel studio 6.0/extensions/atmel/avrgcc/3.4.0.65/avrtoolchain/bin/../lib/gcc/avr/4.6.2/../../../../avr/lib/avr51\libc.a(malloc.o)
 .debug_loc     0x0000215e       0x55 d:/program files/atmel/atmel studio 6.0/extensions/atmel/avrgcc/3.4.0.65/avrtoolchain/bin/../lib/gcc/avr/4.6.2/../../../../avr/lib/avr51\libc.a(sprintf.o)
 .debug_loc     0x000021b3      0x5e9 d:/program files/atmel/atmel studio 6.0/extensions/atmel/avrgcc/3.4.0.65/avrtoolchain/bin/../lib/gcc/avr/4.6.2/../../../../avr/lib/avr51\libc.a(vfprintf_std.o)
 .debug_loc     0x0000279c       0x99 d:/program files/atmel/atmel studio 6.0/extensions/atmel/avrgcc/3.4.0.65/avrtoolchain/bin/../lib/gcc/avr/4.6.2/../../../../avr/lib/avr51\libc.a(fputc.o)

.debug_macinfo
 *(.debug_macinfo)
OUTPUT(SMC.elf elf32-avr)
LOAD linker stubs

.debug_ranges   0x00000000       0xf0
 .debug_ranges  0x00000000       0x18 Main.o
 .debug_ranges  0x00000018       0x90 SMC.o
 .debug_ranges  0x000000a8       0x18 d:/program files/atmel/atmel studio 6.0/extensions/atmel/avrgcc/3.4.0.65/avrtoolchain/bin/../lib/gcc/avr/4.6.2/../../../../avr/lib/avr51\libc.a(malloc.o)
 .debug_ranges  0x000000c0       0x10 d:/program files/atmel/atmel studio 6.0/extensions/atmel/avrgcc/3.4.0.65/avrtoolchain/bin/../lib/gcc/avr/4.6.2/../../../../avr/lib/avr51\libc.a(sprintf.o)
 .debug_ranges  0x000000d0       0x10 d:/program files/atmel/atmel studio 6.0/extensions/atmel/avrgcc/3.4.0.65/avrtoolchain/bin/../lib/gcc/avr/4.6.2/../../../../avr/lib/avr51\libc.a(vfprintf_std.o)
 .debug_ranges  0x000000e0       0x10 d:/program files/atmel/atmel studio 6.0/extensions/atmel/avrgcc/3.4.0.65/avrtoolchain/bin/../lib/gcc/avr/4.6.2/../../../../avr/lib/avr51\libc.a(fputc.o)
